ERROR - 2026-10-06 16:03:47 --> Error connecting to the database: mysqli_sql_exception: No connection could be made because the target machine actively refused it in C:\xampp\htdocs\demonstration_ci4_copy\system\Database\MySQLi\Connection.php:186
Stack trace:
#0 C:\xampp\htdocs\demonstration_ci4_copy\system\Database\MySQLi\Connection.php(186): mysqli->real_connect('localhost', 'root', Object(SensitiveParameterValue), 'electric_compan...', 3306, '', 0)
#1 C:\xampp\htdocs\demonstration_ci4_copy\system\Database\BaseConnection.php(421): CodeIgniter\Database\MySQLi\Connection->connect(false)
#2 C:\xampp\htdocs\demonstration_ci4_copy\system\Database\BaseConnection.php(616): CodeIgniter\Database\BaseConnection->initialize()
#3 C:\xampp\htdocs\demonstration_ci4_copy\system\Database\BaseBuilder.php(1728): CodeIgniter\Database\BaseConnection->query('SELECT COUNT(*)...', Array, false)
#4 C:\xampp\htdocs\demonstration_ci4_copy\system\Model.php(678): CodeIgniter\Database\BaseBuilder->countAllResults(false)
#5 C:\xampp\htdocs\demonstration_ci4_copy\system\BaseModel.php(1284): CodeIgniter\Model->countAllResults(false)
#6 C:\xampp\htdocs\demonstration_ci4_copy\app\Models\CustomerAccountModel.php(39): CodeIgniter\BaseModel->paginate(10)
#7 C:\xampp\htdocs\demonstration_ci4_copy\app\Controllers\Home.php(26): App\Models\CustomerAccountModel->getFilteredAccounts('', '', '', 10)
#8 C:\xampp\htdocs\demonstration_ci4_copy\system\CodeIgniter.php(933): App\Controllers\Home->index()
#9 C:\xampp\htdocs\demonstration_ci4_copy\system\CodeIgniter.php(509): CodeIgniter\CodeIgniter->runController(Object(App\Controllers\Home))
#10 C:\xampp\htdocs\demonstration_ci4_copy\system\CodeIgniter.php(355): CodeIgniter\CodeIgniter->handleRequest(NULL, Object(Config\Cache), false)
#11 C:\xampp\htdocs\demonstration_ci4_copy\system\Boot.php(325): CodeIgniter\CodeIgniter->run()
#12 C:\xampp\htdocs\demonstration_ci4_copy\system\Boot.php(67): CodeIgniter\Boot::runCodeIgniter(Object(CodeIgniter\CodeIgniter))
#13 C:\xampp\htdocs\demonstration_ci4_copy\index.php(56): CodeIgniter\Boot::bootWeb(Object(Config\Paths))
#14 {main}

Next CodeIgniter\Database\Exceptions\DatabaseException: No connection could be made because the target machine actively refused it in C:\xampp\htdocs\demonstration_ci4_copy\system\Database\MySQLi\Connection.php:231
Stack trace:
#0 C:\xampp\htdocs\demonstration_ci4_copy\system\Database\BaseConnection.php(421): CodeIgniter\Database\MySQLi\Connection->connect(false)
#1 C:\xampp\htdocs\demonstration_ci4_copy\system\Database\BaseConnection.php(616): CodeIgniter\Database\BaseConnection->initialize()
#2 C:\xampp\htdocs\demonstration_ci4_copy\system\Database\BaseBuilder.php(1728): CodeIgniter\Database\BaseConnection->query('SELECT COUNT(*)...', Array, false)
#3 C:\xampp\htdocs\demonstration_ci4_copy\system\Model.php(678): CodeIgniter\Database\BaseBuilder->countAllResults(false)
#4 C:\xampp\htdocs\demonstration_ci4_copy\system\BaseModel.php(1284): CodeIgniter\Model->countAllResults(false)
#5 C:\xampp\htdocs\demonstration_ci4_copy\app\Models\CustomerAccountModel.php(39): CodeIgniter\BaseModel->paginate(10)
#6 C:\xampp\htdocs\demonstration_ci4_copy\app\Controllers\Home.php(26): App\Models\CustomerAccountModel->getFilteredAccounts('', '', '', 10)
#7 C:\xampp\htdocs\demonstration_ci4_copy\system\CodeIgniter.php(933): App\Controllers\Home->index()
#8 C:\xampp\htdocs\demonstration_ci4_copy\system\CodeIgniter.php(509): CodeIgniter\CodeIgniter->runController(Object(App\Controllers\Home))
#9 C:\xampp\htdocs\demonstration_ci4_copy\system\CodeIgniter.php(355): CodeIgniter\CodeIgniter->handleRequest(NULL, Object(Config\Cache), false)
#10 C:\xampp\htdocs\demonstration_ci4_copy\system\Boot.php(325): CodeIgniter\CodeIgniter->run()
#11 C:\xampp\htdocs\demonstration_ci4_copy\system\Boot.php(67): CodeIgniter\Boot::runCodeIgniter(Object(CodeIgniter\CodeIgniter))
#12 C:\xampp\htdocs\demonstration_ci4_copy\index.php(56): CodeIgniter\Boot::bootWeb(Object(Config\Paths))
#13 {main}
CRITICAL - 2026-10-06 16:03:47 --> CodeIgniter\Database\Exceptions\DatabaseException: Unable to connect to the database.
Main connection [MySQLi]: No connection could be made because the target machine actively refused it
[Method: GET, Route: dashboard]
in SYSTEMPATH\Database\BaseConnection.php on line 467.
 1 SYSTEMPATH\Database\BaseConnection.php(616): CodeIgniter\Database\BaseConnection->initialize()
 2 SYSTEMPATH\Database\BaseBuilder.php(1728): CodeIgniter\Database\BaseConnection->query('SELECT COUNT(*) AS `numrows`
FROM `customer_accounts`', [], false)
 3 SYSTEMPATH\Model.php(678): CodeIgniter\Database\BaseBuilder->countAllResults(false)
 4 SYSTEMPATH\BaseModel.php(1284): CodeIgniter\Model->countAllResults(false)
 5 APPPATH\Models\CustomerAccountModel.php(39): CodeIgniter\BaseModel->paginate(10)
 6 APPPATH\Controllers\Home.php(26): App\Models\CustomerAccountModel->getFilteredAccounts('', '', '', 10)
 7 SYSTEMPATH\CodeIgniter.php(933): App\Controllers\Home->index()
 8 SYSTEMPATH\CodeIgniter.php(509): CodeIgniter\CodeIgniter->runController(Object(App\Controllers\Home))
 9 SYSTEMPATH\CodeIgniter.php(355): CodeIgniter\CodeIgniter->handleRequest(null, Object(Config\Cache), false)
10 SYSTEMPATH\Boot.php(325): CodeIgniter\CodeIgniter->run()
11 SYSTEMPATH\Boot.php(67): CodeIgniter\Boot::runCodeIgniter(Object(CodeIgniter\CodeIgniter))
12 FCPATH\index.php(56): CodeIgniter\Boot::bootWeb(Object(Config\Paths))
ERROR - 2026-10-06 16:04:38 --> Error connecting to the database: mysqli_sql_exception: No connection could be made because the target machine actively refused it in C:\xampp\htdocs\demonstration_ci4_copy\system\Database\MySQLi\Connection.php:186
Stack trace:
#0 C:\xampp\htdocs\demonstration_ci4_copy\system\Database\MySQLi\Connection.php(186): mysqli->real_connect('localhost', 'root', Object(SensitiveParameterValue), 'electric_compan...', 3306, '', 0)
#1 C:\xampp\htdocs\demonstration_ci4_copy\system\Database\BaseConnection.php(421): CodeIgniter\Database\MySQLi\Connection->connect(false)
#2 C:\xampp\htdocs\demonstration_ci4_copy\system\Database\BaseConnection.php(616): CodeIgniter\Database\BaseConnection->initialize()
#3 C:\xampp\htdocs\demonstration_ci4_copy\system\Database\BaseBuilder.php(1728): CodeIgniter\Database\BaseConnection->query('SELECT COUNT(*)...', Array, false)
#4 C:\xampp\htdocs\demonstration_ci4_copy\system\Model.php(678): CodeIgniter\Database\BaseBuilder->countAllResults(false)
#5 C:\xampp\htdocs\demonstration_ci4_copy\system\BaseModel.php(1284): CodeIgniter\Model->countAllResults(false)
#6 C:\xampp\htdocs\demonstration_ci4_copy\app\Models\CustomerAccountModel.php(39): CodeIgniter\BaseModel->paginate(10)
#7 C:\xampp\htdocs\demonstration_ci4_copy\app\Controllers\Home.php(26): App\Models\CustomerAccountModel->getFilteredAccounts('', '', '', 10)
#8 C:\xampp\htdocs\demonstration_ci4_copy\system\CodeIgniter.php(933): App\Controllers\Home->index()
#9 C:\xampp\htdocs\demonstration_ci4_copy\system\CodeIgniter.php(509): CodeIgniter\CodeIgniter->runController(Object(App\Controllers\Home))
#10 C:\xampp\htdocs\demonstration_ci4_copy\system\CodeIgniter.php(355): CodeIgniter\CodeIgniter->handleRequest(NULL, Object(Config\Cache), false)
#11 C:\xampp\htdocs\demonstration_ci4_copy\system\Boot.php(325): CodeIgniter\CodeIgniter->run()
#12 C:\xampp\htdocs\demonstration_ci4_copy\system\Boot.php(67): CodeIgniter\Boot::runCodeIgniter(Object(CodeIgniter\CodeIgniter))
#13 C:\xampp\htdocs\demonstration_ci4_copy\index.php(56): CodeIgniter\Boot::bootWeb(Object(Config\Paths))
#14 {main}

Next CodeIgniter\Database\Exceptions\DatabaseException: No connection could be made because the target machine actively refused it in C:\xampp\htdocs\demonstration_ci4_copy\system\Database\MySQLi\Connection.php:231
Stack trace:
#0 C:\xampp\htdocs\demonstration_ci4_copy\system\Database\BaseConnection.php(421): CodeIgniter\Database\MySQLi\Connection->connect(false)
#1 C:\xampp\htdocs\demonstration_ci4_copy\system\Database\BaseConnection.php(616): CodeIgniter\Database\BaseConnection->initialize()
#2 C:\xampp\htdocs\demonstration_ci4_copy\system\Database\BaseBuilder.php(1728): CodeIgniter\Database\BaseConnection->query('SELECT COUNT(*)...', Array, false)
#3 C:\xampp\htdocs\demonstration_ci4_copy\system\Model.php(678): CodeIgniter\Database\BaseBuilder->countAllResults(false)
#4 C:\xampp\htdocs\demonstration_ci4_copy\system\BaseModel.php(1284): CodeIgniter\Model->countAllResults(false)
#5 C:\xampp\htdocs\demonstration_ci4_copy\app\Models\CustomerAccountModel.php(39): CodeIgniter\BaseModel->paginate(10)
#6 C:\xampp\htdocs\demonstration_ci4_copy\app\Controllers\Home.php(26): App\Models\CustomerAccountModel->getFilteredAccounts('', '', '', 10)
#7 C:\xampp\htdocs\demonstration_ci4_copy\system\CodeIgniter.php(933): App\Controllers\Home->index()
#8 C:\xampp\htdocs\demonstration_ci4_copy\system\CodeIgniter.php(509): CodeIgniter\CodeIgniter->runController(Object(App\Controllers\Home))
#9 C:\xampp\htdocs\demonstration_ci4_copy\system\CodeIgniter.php(355): CodeIgniter\CodeIgniter->handleRequest(NULL, Object(Config\Cache), false)
#10 C:\xampp\htdocs\demonstration_ci4_copy\system\Boot.php(325): CodeIgniter\CodeIgniter->run()
#11 C:\xampp\htdocs\demonstration_ci4_copy\system\Boot.php(67): CodeIgniter\Boot::runCodeIgniter(Object(CodeIgniter\CodeIgniter))
#12 C:\xampp\htdocs\demonstration_ci4_copy\index.php(56): CodeIgniter\Boot::bootWeb(Object(Config\Paths))
#13 {main}
CRITICAL - 2026-10-06 16:04:38 --> CodeIgniter\Database\Exceptions\DatabaseException: Unable to connect to the database.
Main connection [MySQLi]: No connection could be made because the target machine actively refused it
[Method: GET, Route: dashboard]
in SYSTEMPATH\Database\BaseConnection.php on line 467.
 1 SYSTEMPATH\Database\BaseConnection.php(616): CodeIgniter\Database\BaseConnection->initialize()
 2 SYSTEMPATH\Database\BaseBuilder.php(1728): CodeIgniter\Database\BaseConnection->query('SELECT COUNT(*) AS `numrows`
FROM `customer_accounts`', [], false)
 3 SYSTEMPATH\Model.php(678): CodeIgniter\Database\BaseBuilder->countAllResults(false)
 4 SYSTEMPATH\BaseModel.php(1284): CodeIgniter\Model->countAllResults(false)
 5 APPPATH\Models\CustomerAccountModel.php(39): CodeIgniter\BaseModel->paginate(10)
 6 APPPATH\Controllers\Home.php(26): App\Models\CustomerAccountModel->getFilteredAccounts('', '', '', 10)
 7 SYSTEMPATH\CodeIgniter.php(933): App\Controllers\Home->index()
 8 SYSTEMPATH\CodeIgniter.php(509): CodeIgniter\CodeIgniter->runController(Object(App\Controllers\Home))
 9 SYSTEMPATH\CodeIgniter.php(355): CodeIgniter\CodeIgniter->handleRequest(null, Object(Config\Cache), false)
10 SYSTEMPATH\Boot.php(325): CodeIgniter\CodeIgniter->run()
11 SYSTEMPATH\Boot.php(67): CodeIgniter\Boot::runCodeIgniter(Object(CodeIgniter\CodeIgniter))
12 FCPATH\index.php(56): CodeIgniter\Boot::bootWeb(Object(Config\Paths))
ERROR - 2026-10-06 16:04:46 --> Error connecting to the database: mysqli_sql_exception: No connection could be made because the target machine actively refused it in C:\xampp\htdocs\demonstration_ci4_copy\system\Database\MySQLi\Connection.php:186
Stack trace:
#0 C:\xampp\htdocs\demonstration_ci4_copy\system\Database\MySQLi\Connection.php(186): mysqli->real_connect('localhost', 'root', Object(SensitiveParameterValue), 'electric_compan...', 3306, '', 0)
#1 C:\xampp\htdocs\demonstration_ci4_copy\system\Database\BaseConnection.php(421): CodeIgniter\Database\MySQLi\Connection->connect(false)
#2 C:\xampp\htdocs\demonstration_ci4_copy\system\Database\BaseConnection.php(616): CodeIgniter\Database\BaseConnection->initialize()
#3 C:\xampp\htdocs\demonstration_ci4_copy\system\Database\BaseBuilder.php(1728): CodeIgniter\Database\BaseConnection->query('SELECT COUNT(*)...', Array, false)
#4 C:\xampp\htdocs\demonstration_ci4_copy\system\Model.php(678): CodeIgniter\Database\BaseBuilder->countAllResults(false)
#5 C:\xampp\htdocs\demonstration_ci4_copy\system\BaseModel.php(1284): CodeIgniter\Model->countAllResults(false)
#6 C:\xampp\htdocs\demonstration_ci4_copy\app\Models\CustomerAccountModel.php(39): CodeIgniter\BaseModel->paginate(10)
#7 C:\xampp\htdocs\demonstration_ci4_copy\app\Controllers\Home.php(26): App\Models\CustomerAccountModel->getFilteredAccounts('', '', '', 10)
#8 C:\xampp\htdocs\demonstration_ci4_copy\system\CodeIgniter.php(933): App\Controllers\Home->index()
#9 C:\xampp\htdocs\demonstration_ci4_copy\system\CodeIgniter.php(509): CodeIgniter\CodeIgniter->runController(Object(App\Controllers\Home))
#10 C:\xampp\htdocs\demonstration_ci4_copy\system\CodeIgniter.php(355): CodeIgniter\CodeIgniter->handleRequest(NULL, Object(Config\Cache), false)
#11 C:\xampp\htdocs\demonstration_ci4_copy\system\Boot.php(325): CodeIgniter\CodeIgniter->run()
#12 C:\xampp\htdocs\demonstration_ci4_copy\system\Boot.php(67): CodeIgniter\Boot::runCodeIgniter(Object(CodeIgniter\CodeIgniter))
#13 C:\xampp\htdocs\demonstration_ci4_copy\index.php(56): CodeIgniter\Boot::bootWeb(Object(Config\Paths))
#14 {main}

Next CodeIgniter\Database\Exceptions\DatabaseException: No connection could be made because the target machine actively refused it in C:\xampp\htdocs\demonstration_ci4_copy\system\Database\MySQLi\Connection.php:231
Stack trace:
#0 C:\xampp\htdocs\demonstration_ci4_copy\system\Database\BaseConnection.php(421): CodeIgniter\Database\MySQLi\Connection->connect(false)
#1 C:\xampp\htdocs\demonstration_ci4_copy\system\Database\BaseConnection.php(616): CodeIgniter\Database\BaseConnection->initialize()
#2 C:\xampp\htdocs\demonstration_ci4_copy\system\Database\BaseBuilder.php(1728): CodeIgniter\Database\BaseConnection->query('SELECT COUNT(*)...', Array, false)
#3 C:\xampp\htdocs\demonstration_ci4_copy\system\Model.php(678): CodeIgniter\Database\BaseBuilder->countAllResults(false)
#4 C:\xampp\htdocs\demonstration_ci4_copy\system\BaseModel.php(1284): CodeIgniter\Model->countAllResults(false)
#5 C:\xampp\htdocs\demonstration_ci4_copy\app\Models\CustomerAccountModel.php(39): CodeIgniter\BaseModel->paginate(10)
#6 C:\xampp\htdocs\demonstration_ci4_copy\app\Controllers\Home.php(26): App\Models\CustomerAccountModel->getFilteredAccounts('', '', '', 10)
#7 C:\xampp\htdocs\demonstration_ci4_copy\system\CodeIgniter.php(933): App\Controllers\Home->index()
#8 C:\xampp\htdocs\demonstration_ci4_copy\system\CodeIgniter.php(509): CodeIgniter\CodeIgniter->runController(Object(App\Controllers\Home))
#9 C:\xampp\htdocs\demonstration_ci4_copy\system\CodeIgniter.php(355): CodeIgniter\CodeIgniter->handleRequest(NULL, Object(Config\Cache), false)
#10 C:\xampp\htdocs\demonstration_ci4_copy\system\Boot.php(325): CodeIgniter\CodeIgniter->run()
#11 C:\xampp\htdocs\demonstration_ci4_copy\system\Boot.php(67): CodeIgniter\Boot::runCodeIgniter(Object(CodeIgniter\CodeIgniter))
#12 C:\xampp\htdocs\demonstration_ci4_copy\index.php(56): CodeIgniter\Boot::bootWeb(Object(Config\Paths))
#13 {main}
CRITICAL - 2026-10-06 16:04:46 --> CodeIgniter\Database\Exceptions\DatabaseException: Unable to connect to the database.
Main connection [MySQLi]: No connection could be made because the target machine actively refused it
[Method: GET, Route: dashboard]
in SYSTEMPATH\Database\BaseConnection.php on line 467.
 1 SYSTEMPATH\Database\BaseConnection.php(616): CodeIgniter\Database\BaseConnection->initialize()
 2 SYSTEMPATH\Database\BaseBuilder.php(1728): CodeIgniter\Database\BaseConnection->query('SELECT COUNT(*) AS `numrows`
FROM `customer_accounts`', [], false)
 3 SYSTEMPATH\Model.php(678): CodeIgniter\Database\BaseBuilder->countAllResults(false)
 4 SYSTEMPATH\BaseModel.php(1284): CodeIgniter\Model->countAllResults(false)
 5 APPPATH\Models\CustomerAccountModel.php(39): CodeIgniter\BaseModel->paginate(10)
 6 APPPATH\Controllers\Home.php(26): App\Models\CustomerAccountModel->getFilteredAccounts('', '', '', 10)
 7 SYSTEMPATH\CodeIgniter.php(933): App\Controllers\Home->index()
 8 SYSTEMPATH\CodeIgniter.php(509): CodeIgniter\CodeIgniter->runController(Object(App\Controllers\Home))
 9 SYSTEMPATH\CodeIgniter.php(355): CodeIgniter\CodeIgniter->handleRequest(null, Object(Config\Cache), false)
10 SYSTEMPATH\Boot.php(325): CodeIgniter\CodeIgniter->run()
11 SYSTEMPATH\Boot.php(67): CodeIgniter\Boot::runCodeIgniter(Object(CodeIgniter\CodeIgniter))
12 FCPATH\index.php(56): CodeIgniter\Boot::bootWeb(Object(Config\Paths))
ERROR - 2026-10-06 16:04:51 --> Error connecting to the database: mysqli_sql_exception: No connection could be made because the target machine actively refused it in C:\xampp\htdocs\demonstration_ci4_copy\system\Database\MySQLi\Connection.php:186
Stack trace:
#0 C:\xampp\htdocs\demonstration_ci4_copy\system\Database\MySQLi\Connection.php(186): mysqli->real_connect('localhost', 'root', Object(SensitiveParameterValue), 'electric_compan...', 3306, '', 0)
#1 C:\xampp\htdocs\demonstration_ci4_copy\system\Database\BaseConnection.php(421): CodeIgniter\Database\MySQLi\Connection->connect(false)
#2 C:\xampp\htdocs\demonstration_ci4_copy\system\Database\BaseConnection.php(616): CodeIgniter\Database\BaseConnection->initialize()
#3 C:\xampp\htdocs\demonstration_ci4_copy\system\Database\BaseBuilder.php(1728): CodeIgniter\Database\BaseConnection->query('SELECT COUNT(*)...', Array, false)
#4 C:\xampp\htdocs\demonstration_ci4_copy\system\Model.php(678): CodeIgniter\Database\BaseBuilder->countAllResults(false)
#5 C:\xampp\htdocs\demonstration_ci4_copy\system\BaseModel.php(1284): CodeIgniter\Model->countAllResults(false)
#6 C:\xampp\htdocs\demonstration_ci4_copy\app\Models\CustomerAccountModel.php(39): CodeIgniter\BaseModel->paginate(10)
#7 C:\xampp\htdocs\demonstration_ci4_copy\app\Controllers\Home.php(26): App\Models\CustomerAccountModel->getFilteredAccounts('', '', '', 10)
#8 C:\xampp\htdocs\demonstration_ci4_copy\system\CodeIgniter.php(933): App\Controllers\Home->index()
#9 C:\xampp\htdocs\demonstration_ci4_copy\system\CodeIgniter.php(509): CodeIgniter\CodeIgniter->runController(Object(App\Controllers\Home))
#10 C:\xampp\htdocs\demonstration_ci4_copy\system\CodeIgniter.php(355): CodeIgniter\CodeIgniter->handleRequest(NULL, Object(Config\Cache), false)
#11 C:\xampp\htdocs\demonstration_ci4_copy\system\Boot.php(325): CodeIgniter\CodeIgniter->run()
#12 C:\xampp\htdocs\demonstration_ci4_copy\system\Boot.php(67): CodeIgniter\Boot::runCodeIgniter(Object(CodeIgniter\CodeIgniter))
#13 C:\xampp\htdocs\demonstration_ci4_copy\index.php(56): CodeIgniter\Boot::bootWeb(Object(Config\Paths))
#14 {main}

Next CodeIgniter\Database\Exceptions\DatabaseException: No connection could be made because the target machine actively refused it in C:\xampp\htdocs\demonstration_ci4_copy\system\Database\MySQLi\Connection.php:231
Stack trace:
#0 C:\xampp\htdocs\demonstration_ci4_copy\system\Database\BaseConnection.php(421): CodeIgniter\Database\MySQLi\Connection->connect(false)
#1 C:\xampp\htdocs\demonstration_ci4_copy\system\Database\BaseConnection.php(616): CodeIgniter\Database\BaseConnection->initialize()
#2 C:\xampp\htdocs\demonstration_ci4_copy\system\Database\BaseBuilder.php(1728): CodeIgniter\Database\BaseConnection->query('SELECT COUNT(*)...', Array, false)
#3 C:\xampp\htdocs\demonstration_ci4_copy\system\Model.php(678): CodeIgniter\Database\BaseBuilder->countAllResults(false)
#4 C:\xampp\htdocs\demonstration_ci4_copy\system\BaseModel.php(1284): CodeIgniter\Model->countAllResults(false)
#5 C:\xampp\htdocs\demonstration_ci4_copy\app\Models\CustomerAccountModel.php(39): CodeIgniter\BaseModel->paginate(10)
#6 C:\xampp\htdocs\demonstration_ci4_copy\app\Controllers\Home.php(26): App\Models\CustomerAccountModel->getFilteredAccounts('', '', '', 10)
#7 C:\xampp\htdocs\demonstration_ci4_copy\system\CodeIgniter.php(933): App\Controllers\Home->index()
#8 C:\xampp\htdocs\demonstration_ci4_copy\system\CodeIgniter.php(509): CodeIgniter\CodeIgniter->runController(Object(App\Controllers\Home))
#9 C:\xampp\htdocs\demonstration_ci4_copy\system\CodeIgniter.php(355): CodeIgniter\CodeIgniter->handleRequest(NULL, Object(Config\Cache), false)
#10 C:\xampp\htdocs\demonstration_ci4_copy\system\Boot.php(325): CodeIgniter\CodeIgniter->run()
#11 C:\xampp\htdocs\demonstration_ci4_copy\system\Boot.php(67): CodeIgniter\Boot::runCodeIgniter(Object(CodeIgniter\CodeIgniter))
#12 C:\xampp\htdocs\demonstration_ci4_copy\index.php(56): CodeIgniter\Boot::bootWeb(Object(Config\Paths))
#13 {main}
CRITICAL - 2026-10-06 16:04:51 --> CodeIgniter\Database\Exceptions\DatabaseException: Unable to connect to the database.
Main connection [MySQLi]: No connection could be made because the target machine actively refused it
[Method: GET, Route: dashboard]
in SYSTEMPATH\Database\BaseConnection.php on line 467.
 1 SYSTEMPATH\Database\BaseConnection.php(616): CodeIgniter\Database\BaseConnection->initialize()
 2 SYSTEMPATH\Database\BaseBuilder.php(1728): CodeIgniter\Database\BaseConnection->query('SELECT COUNT(*) AS `numrows`
FROM `customer_accounts`', [], false)
 3 SYSTEMPATH\Model.php(678): CodeIgniter\Database\BaseBuilder->countAllResults(false)
 4 SYSTEMPATH\BaseModel.php(1284): CodeIgniter\Model->countAllResults(false)
 5 APPPATH\Models\CustomerAccountModel.php(39): CodeIgniter\BaseModel->paginate(10)
 6 APPPATH\Controllers\Home.php(26): App\Models\CustomerAccountModel->getFilteredAccounts('', '', '', 10)
 7 SYSTEMPATH\CodeIgniter.php(933): App\Controllers\Home->index()
 8 SYSTEMPATH\CodeIgniter.php(509): CodeIgniter\CodeIgniter->runController(Object(App\Controllers\Home))
 9 SYSTEMPATH\CodeIgniter.php(355): CodeIgniter\CodeIgniter->handleRequest(null, Object(Config\Cache), false)
10 SYSTEMPATH\Boot.php(325): CodeIgniter\CodeIgniter->run()
11 SYSTEMPATH\Boot.php(67): CodeIgniter\Boot::runCodeIgniter(Object(CodeIgniter\CodeIgniter))
12 FCPATH\index.php(56): CodeIgniter\Boot::bootWeb(Object(Config\Paths))
ERROR - 2026-10-06 16:05:02 --> Error connecting to the database: mysqli_sql_exception: No connection could be made because the target machine actively refused it in C:\xampp\htdocs\demonstration_ci4_copy\system\Database\MySQLi\Connection.php:186
Stack trace:
#0 C:\xampp\htdocs\demonstration_ci4_copy\system\Database\MySQLi\Connection.php(186): mysqli->real_connect('localhost', 'root', Object(SensitiveParameterValue), 'electric_compan...', 3306, '', 0)
#1 C:\xampp\htdocs\demonstration_ci4_copy\system\Database\BaseConnection.php(421): CodeIgniter\Database\MySQLi\Connection->connect(false)
#2 C:\xampp\htdocs\demonstration_ci4_copy\system\Database\BaseConnection.php(616): CodeIgniter\Database\BaseConnection->initialize()
#3 C:\xampp\htdocs\demonstration_ci4_copy\system\Database\BaseBuilder.php(1728): CodeIgniter\Database\BaseConnection->query('SELECT COUNT(*)...', Array, false)
#4 C:\xampp\htdocs\demonstration_ci4_copy\system\Model.php(678): CodeIgniter\Database\BaseBuilder->countAllResults(false)
#5 C:\xampp\htdocs\demonstration_ci4_copy\system\BaseModel.php(1284): CodeIgniter\Model->countAllResults(false)
#6 C:\xampp\htdocs\demonstration_ci4_copy\app\Models\CustomerAccountModel.php(39): CodeIgniter\BaseModel->paginate(10)
#7 C:\xampp\htdocs\demonstration_ci4_copy\app\Controllers\Home.php(26): App\Models\CustomerAccountModel->getFilteredAccounts('', '', '', 10)
#8 C:\xampp\htdocs\demonstration_ci4_copy\system\CodeIgniter.php(933): App\Controllers\Home->index()
#9 C:\xampp\htdocs\demonstration_ci4_copy\system\CodeIgniter.php(509): CodeIgniter\CodeIgniter->runController(Object(App\Controllers\Home))
#10 C:\xampp\htdocs\demonstration_ci4_copy\system\CodeIgniter.php(355): CodeIgniter\CodeIgniter->handleRequest(NULL, Object(Config\Cache), false)
#11 C:\xampp\htdocs\demonstration_ci4_copy\system\Boot.php(325): CodeIgniter\CodeIgniter->run()
#12 C:\xampp\htdocs\demonstration_ci4_copy\system\Boot.php(67): CodeIgniter\Boot::runCodeIgniter(Object(CodeIgniter\CodeIgniter))
#13 C:\xampp\htdocs\demonstration_ci4_copy\index.php(56): CodeIgniter\Boot::bootWeb(Object(Config\Paths))
#14 {main}

Next CodeIgniter\Database\Exceptions\DatabaseException: No connection could be made because the target machine actively refused it in C:\xampp\htdocs\demonstration_ci4_copy\system\Database\MySQLi\Connection.php:231
Stack trace:
#0 C:\xampp\htdocs\demonstration_ci4_copy\system\Database\BaseConnection.php(421): CodeIgniter\Database\MySQLi\Connection->connect(false)
#1 C:\xampp\htdocs\demonstration_ci4_copy\system\Database\BaseConnection.php(616): CodeIgniter\Database\BaseConnection->initialize()
#2 C:\xampp\htdocs\demonstration_ci4_copy\system\Database\BaseBuilder.php(1728): CodeIgniter\Database\BaseConnection->query('SELECT COUNT(*)...', Array, false)
#3 C:\xampp\htdocs\demonstration_ci4_copy\system\Model.php(678): CodeIgniter\Database\BaseBuilder->countAllResults(false)
#4 C:\xampp\htdocs\demonstration_ci4_copy\system\BaseModel.php(1284): CodeIgniter\Model->countAllResults(false)
#5 C:\xampp\htdocs\demonstration_ci4_copy\app\Models\CustomerAccountModel.php(39): CodeIgniter\BaseModel->paginate(10)
#6 C:\xampp\htdocs\demonstration_ci4_copy\app\Controllers\Home.php(26): App\Models\CustomerAccountModel->getFilteredAccounts('', '', '', 10)
#7 C:\xampp\htdocs\demonstration_ci4_copy\system\CodeIgniter.php(933): App\Controllers\Home->index()
#8 C:\xampp\htdocs\demonstration_ci4_copy\system\CodeIgniter.php(509): CodeIgniter\CodeIgniter->runController(Object(App\Controllers\Home))
#9 C:\xampp\htdocs\demonstration_ci4_copy\system\CodeIgniter.php(355): CodeIgniter\CodeIgniter->handleRequest(NULL, Object(Config\Cache), false)
#10 C:\xampp\htdocs\demonstration_ci4_copy\system\Boot.php(325): CodeIgniter\CodeIgniter->run()
#11 C:\xampp\htdocs\demonstration_ci4_copy\system\Boot.php(67): CodeIgniter\Boot::runCodeIgniter(Object(CodeIgniter\CodeIgniter))
#12 C:\xampp\htdocs\demonstration_ci4_copy\index.php(56): CodeIgniter\Boot::bootWeb(Object(Config\Paths))
#13 {main}
CRITICAL - 2026-10-06 16:05:02 --> CodeIgniter\Database\Exceptions\DatabaseException: Unable to connect to the database.
Main connection [MySQLi]: No connection could be made because the target machine actively refused it
[Method: GET, Route: dashboard]
in SYSTEMPATH\Database\BaseConnection.php on line 467.
 1 SYSTEMPATH\Database\BaseConnection.php(616): CodeIgniter\Database\BaseConnection->initialize()
 2 SYSTEMPATH\Database\BaseBuilder.php(1728): CodeIgniter\Database\BaseConnection->query('SELECT COUNT(*) AS `numrows`
FROM `customer_accounts`', [], false)
 3 SYSTEMPATH\Model.php(678): CodeIgniter\Database\BaseBuilder->countAllResults(false)
 4 SYSTEMPATH\BaseModel.php(1284): CodeIgniter\Model->countAllResults(false)
 5 APPPATH\Models\CustomerAccountModel.php(39): CodeIgniter\BaseModel->paginate(10)
 6 APPPATH\Controllers\Home.php(26): App\Models\CustomerAccountModel->getFilteredAccounts('', '', '', 10)
 7 SYSTEMPATH\CodeIgniter.php(933): App\Controllers\Home->index()
 8 SYSTEMPATH\CodeIgniter.php(509): CodeIgniter\CodeIgniter->runController(Object(App\Controllers\Home))
 9 SYSTEMPATH\CodeIgniter.php(355): CodeIgniter\CodeIgniter->handleRequest(null, Object(Config\Cache), false)
10 SYSTEMPATH\Boot.php(325): CodeIgniter\CodeIgniter->run()
11 SYSTEMPATH\Boot.php(67): CodeIgniter\Boot::runCodeIgniter(Object(CodeIgniter\CodeIgniter))
12 FCPATH\index.php(56): CodeIgniter\Boot::bootWeb(Object(Config\Paths))
ERROR - 2026-10-06 16:06:25 --> Error connecting to the database: mysqli_sql_exception: No connection could be made because the target machine actively refused it in C:\xampp\htdocs\demonstration_ci4_copy\system\Database\MySQLi\Connection.php:186
Stack trace:
#0 C:\xampp\htdocs\demonstration_ci4_copy\system\Database\MySQLi\Connection.php(186): mysqli->real_connect('localhost', 'root', Object(SensitiveParameterValue), 'electric_compan...', 3306, '', 0)
#1 C:\xampp\htdocs\demonstration_ci4_copy\system\Database\BaseConnection.php(421): CodeIgniter\Database\MySQLi\Connection->connect(false)
#2 C:\xampp\htdocs\demonstration_ci4_copy\system\Database\BaseConnection.php(616): CodeIgniter\Database\BaseConnection->initialize()
#3 C:\xampp\htdocs\demonstration_ci4_copy\system\Database\BaseBuilder.php(1728): CodeIgniter\Database\BaseConnection->query('SELECT COUNT(*)...', Array, false)
#4 C:\xampp\htdocs\demonstration_ci4_copy\system\Model.php(678): CodeIgniter\Database\BaseBuilder->countAllResults(false)
#5 C:\xampp\htdocs\demonstration_ci4_copy\system\BaseModel.php(1284): CodeIgniter\Model->countAllResults(false)
#6 C:\xampp\htdocs\demonstration_ci4_copy\app\Models\CustomerAccountModel.php(39): CodeIgniter\BaseModel->paginate(10)
#7 C:\xampp\htdocs\demonstration_ci4_copy\app\Controllers\Home.php(26): App\Models\CustomerAccountModel->getFilteredAccounts('', '', '', 10)
#8 C:\xampp\htdocs\demonstration_ci4_copy\system\CodeIgniter.php(933): App\Controllers\Home->index()
#9 C:\xampp\htdocs\demonstration_ci4_copy\system\CodeIgniter.php(509): CodeIgniter\CodeIgniter->runController(Object(App\Controllers\Home))
#10 C:\xampp\htdocs\demonstration_ci4_copy\system\CodeIgniter.php(355): CodeIgniter\CodeIgniter->handleRequest(NULL, Object(Config\Cache), false)
#11 C:\xampp\htdocs\demonstration_ci4_copy\system\Boot.php(325): CodeIgniter\CodeIgniter->run()
#12 C:\xampp\htdocs\demonstration_ci4_copy\system\Boot.php(67): CodeIgniter\Boot::runCodeIgniter(Object(CodeIgniter\CodeIgniter))
#13 C:\xampp\htdocs\demonstration_ci4_copy\index.php(56): CodeIgniter\Boot::bootWeb(Object(Config\Paths))
#14 {main}

Next CodeIgniter\Database\Exceptions\DatabaseException: No connection could be made because the target machine actively refused it in C:\xampp\htdocs\demonstration_ci4_copy\system\Database\MySQLi\Connection.php:231
Stack trace:
#0 C:\xampp\htdocs\demonstration_ci4_copy\system\Database\BaseConnection.php(421): CodeIgniter\Database\MySQLi\Connection->connect(false)
#1 C:\xampp\htdocs\demonstration_ci4_copy\system\Database\BaseConnection.php(616): CodeIgniter\Database\BaseConnection->initialize()
#2 C:\xampp\htdocs\demonstration_ci4_copy\system\Database\BaseBuilder.php(1728): CodeIgniter\Database\BaseConnection->query('SELECT COUNT(*)...', Array, false)
#3 C:\xampp\htdocs\demonstration_ci4_copy\system\Model.php(678): CodeIgniter\Database\BaseBuilder->countAllResults(false)
#4 C:\xampp\htdocs\demonstration_ci4_copy\system\BaseModel.php(1284): CodeIgniter\Model->countAllResults(false)
#5 C:\xampp\htdocs\demonstration_ci4_copy\app\Models\CustomerAccountModel.php(39): CodeIgniter\BaseModel->paginate(10)
#6 C:\xampp\htdocs\demonstration_ci4_copy\app\Controllers\Home.php(26): App\Models\CustomerAccountModel->getFilteredAccounts('', '', '', 10)
#7 C:\xampp\htdocs\demonstration_ci4_copy\system\CodeIgniter.php(933): App\Controllers\Home->index()
#8 C:\xampp\htdocs\demonstration_ci4_copy\system\CodeIgniter.php(509): CodeIgniter\CodeIgniter->runController(Object(App\Controllers\Home))
#9 C:\xampp\htdocs\demonstration_ci4_copy\system\CodeIgniter.php(355): CodeIgniter\CodeIgniter->handleRequest(NULL, Object(Config\Cache), false)
#10 C:\xampp\htdocs\demonstration_ci4_copy\system\Boot.php(325): CodeIgniter\CodeIgniter->run()
#11 C:\xampp\htdocs\demonstration_ci4_copy\system\Boot.php(67): CodeIgniter\Boot::runCodeIgniter(Object(CodeIgniter\CodeIgniter))
#12 C:\xampp\htdocs\demonstration_ci4_copy\index.php(56): CodeIgniter\Boot::bootWeb(Object(Config\Paths))
#13 {main}
CRITICAL - 2026-10-06 16:06:25 --> CodeIgniter\Database\Exceptions\DatabaseException: Unable to connect to the database.
Main connection [MySQLi]: No connection could be made because the target machine actively refused it
[Method: GET, Route: dashboard]
in SYSTEMPATH\Database\BaseConnection.php on line 467.
 1 SYSTEMPATH\Database\BaseConnection.php(616): CodeIgniter\Database\BaseConnection->initialize()
 2 SYSTEMPATH\Database\BaseBuilder.php(1728): CodeIgniter\Database\BaseConnection->query('SELECT COUNT(*) AS `numrows`
FROM `customer_accounts`', [], false)
 3 SYSTEMPATH\Model.php(678): CodeIgniter\Database\BaseBuilder->countAllResults(false)
 4 SYSTEMPATH\BaseModel.php(1284): CodeIgniter\Model->countAllResults(false)
 5 APPPATH\Models\CustomerAccountModel.php(39): CodeIgniter\BaseModel->paginate(10)
 6 APPPATH\Controllers\Home.php(26): App\Models\CustomerAccountModel->getFilteredAccounts('', '', '', 10)
 7 SYSTEMPATH\CodeIgniter.php(933): App\Controllers\Home->index()
 8 SYSTEMPATH\CodeIgniter.php(509): CodeIgniter\CodeIgniter->runController(Object(App\Controllers\Home))
 9 SYSTEMPATH\CodeIgniter.php(355): CodeIgniter\CodeIgniter->handleRequest(null, Object(Config\Cache), false)
10 SYSTEMPATH\Boot.php(325): CodeIgniter\CodeIgniter->run()
11 SYSTEMPATH\Boot.php(67): CodeIgniter\Boot::runCodeIgniter(Object(CodeIgniter\CodeIgniter))
12 FCPATH\index.php(56): CodeIgniter\Boot::bootWeb(Object(Config\Paths))
