ERROR - 2026-09-30 03:17:14 --> Error connecting to the database: mysqli_sql_exception: Unknown database 'electric_company' in C:\xampp\htdocs\demonstration_ci4 - Copy\system\Database\MySQLi\Connection.php:186
Stack trace:
#0 C:\xampp\htdocs\demonstration_ci4 - Copy\system\Database\MySQLi\Connection.php(186): mysqli->real_connect('localhost', 'root', Object(SensitiveParameterValue), 'electric_compan...', 3306, '', 0)
#1 C:\xampp\htdocs\demonstration_ci4 - Copy\system\Database\BaseConnection.php(421): CodeIgniter\Database\MySQLi\Connection->connect(false)
#2 C:\xampp\htdocs\demonstration_ci4 - Copy\system\Database\BaseConnection.php(616): CodeIgniter\Database\BaseConnection->initialize()
#3 C:\xampp\htdocs\demonstration_ci4 - Copy\system\Database\BaseBuilder.php(1728): CodeIgniter\Database\BaseConnection->query('SELECT COUNT(*)...', Array, false)
#4 C:\xampp\htdocs\demonstration_ci4 - Copy\system\Model.php(678): CodeIgniter\Database\BaseBuilder->countAllResults(false)
#5 C:\xampp\htdocs\demonstration_ci4 - Copy\system\BaseModel.php(1284): CodeIgniter\Model->countAllResults(false)
#6 C:\xampp\htdocs\demonstration_ci4 - Copy\app\Models\CustomerAccountModel.php(39): CodeIgniter\BaseModel->paginate(10)
#7 C:\xampp\htdocs\demonstration_ci4 - Copy\app\Controllers\Home.php(22): App\Models\CustomerAccountModel->getFilteredAccounts('', '', '', 10)
#8 C:\xampp\htdocs\demonstration_ci4 - Copy\system\CodeIgniter.php(933): App\Controllers\Home->index()
#9 C:\xampp\htdocs\demonstration_ci4 - Copy\system\CodeIgniter.php(509): CodeIgniter\CodeIgniter->runController(Object(App\Controllers\Home))
#10 C:\xampp\htdocs\demonstration_ci4 - Copy\system\CodeIgniter.php(355): CodeIgniter\CodeIgniter->handleRequest(NULL, Object(Config\Cache), false)
#11 C:\xampp\htdocs\demonstration_ci4 - Copy\system\Boot.php(325): CodeIgniter\CodeIgniter->run()
#12 C:\xampp\htdocs\demonstration_ci4 - Copy\system\Boot.php(67): CodeIgniter\Boot::runCodeIgniter(Object(CodeIgniter\CodeIgniter))
#13 C:\xampp\htdocs\demonstration_ci4 - Copy\public\index.php(56): CodeIgniter\Boot::bootWeb(Object(Config\Paths))
#14 C:\xampp\htdocs\demonstration_ci4 - Copy\system\rewrite.php(44): require_once('C:\\xampp\\htdocs...')
#15 {main}

Next CodeIgniter\Database\Exceptions\DatabaseException: Unknown database 'electric_company' in C:\xampp\htdocs\demonstration_ci4 - Copy\system\Database\MySQLi\Connection.php:231
Stack trace:
#0 C:\xampp\htdocs\demonstration_ci4 - Copy\system\Database\BaseConnection.php(421): CodeIgniter\Database\MySQLi\Connection->connect(false)
#1 C:\xampp\htdocs\demonstration_ci4 - Copy\system\Database\BaseConnection.php(616): CodeIgniter\Database\BaseConnection->initialize()
#2 C:\xampp\htdocs\demonstration_ci4 - Copy\system\Database\BaseBuilder.php(1728): CodeIgniter\Database\BaseConnection->query('SELECT COUNT(*)...', Array, false)
#3 C:\xampp\htdocs\demonstration_ci4 - Copy\system\Model.php(678): CodeIgniter\Database\BaseBuilder->countAllResults(false)
#4 C:\xampp\htdocs\demonstration_ci4 - Copy\system\BaseModel.php(1284): CodeIgniter\Model->countAllResults(false)
#5 C:\xampp\htdocs\demonstration_ci4 - Copy\app\Models\CustomerAccountModel.php(39): CodeIgniter\BaseModel->paginate(10)
#6 C:\xampp\htdocs\demonstration_ci4 - Copy\app\Controllers\Home.php(22): App\Models\CustomerAccountModel->getFilteredAccounts('', '', '', 10)
#7 C:\xampp\htdocs\demonstration_ci4 - Copy\system\CodeIgniter.php(933): App\Controllers\Home->index()
#8 C:\xampp\htdocs\demonstration_ci4 - Copy\system\CodeIgniter.php(509): CodeIgniter\CodeIgniter->runController(Object(App\Controllers\Home))
#9 C:\xampp\htdocs\demonstration_ci4 - Copy\system\CodeIgniter.php(355): CodeIgniter\CodeIgniter->handleRequest(NULL, Object(Config\Cache), false)
#10 C:\xampp\htdocs\demonstration_ci4 - Copy\system\Boot.php(325): CodeIgniter\CodeIgniter->run()
#11 C:\xampp\htdocs\demonstration_ci4 - Copy\system\Boot.php(67): CodeIgniter\Boot::runCodeIgniter(Object(CodeIgniter\CodeIgniter))
#12 C:\xampp\htdocs\demonstration_ci4 - Copy\public\index.php(56): CodeIgniter\Boot::bootWeb(Object(Config\Paths))
#13 C:\xampp\htdocs\demonstration_ci4 - Copy\system\rewrite.php(44): require_once('C:\\xampp\\htdocs...')
#14 {main}
CRITICAL - 2026-09-30 03:17:14 --> CodeIgniter\Database\Exceptions\DatabaseException: Unable to connect to the database.
Main connection [MySQLi]: Unknown database 'electric_company'
[Method: GET, Route: /]
in SYSTEMPATH\Database\BaseConnection.php on line 467.
 1 SYSTEMPATH\Database\BaseConnection.php(616): CodeIgniter\Database\BaseConnection->initialize()
 2 SYSTEMPATH\Database\BaseBuilder.php(1728): CodeIgniter\Database\BaseConnection->query('SELECT COUNT(*) AS `numrows`
FROM `customer_accounts`', [], false)
 3 SYSTEMPATH\Model.php(678): CodeIgniter\Database\BaseBuilder->countAllResults(false)
 4 SYSTEMPATH\BaseModel.php(1284): CodeIgniter\Model->countAllResults(false)
 5 APPPATH\Models\CustomerAccountModel.php(39): CodeIgniter\BaseModel->paginate(10)
 6 APPPATH\Controllers\Home.php(22): App\Models\CustomerAccountModel->getFilteredAccounts('', '', '', 10)
 7 SYSTEMPATH\CodeIgniter.php(933): App\Controllers\Home->index()
 8 SYSTEMPATH\CodeIgniter.php(509): CodeIgniter\CodeIgniter->runController(Object(App\Controllers\Home))
 9 SYSTEMPATH\CodeIgniter.php(355): CodeIgniter\CodeIgniter->handleRequest(null, Object(Config\Cache), false)
10 SYSTEMPATH\Boot.php(325): CodeIgniter\CodeIgniter->run()
11 SYSTEMPATH\Boot.php(67): CodeIgniter\Boot::runCodeIgniter(Object(CodeIgniter\CodeIgniter))
12 FCPATH\index.php(56): CodeIgniter\Boot::bootWeb(Object(Config\Paths))
13 SYSTEMPATH\rewrite.php(44): require_once('C:\\xampp\\htdocs\\demonstration_ci4 - Copy\\public\\index.php')
